Creating 3D_Proximity.pairwise.complex.collapsed
Creating 3D_Proximity.pairwise.singleprotein.collapsed
